Microchip MPLAB XC8 Compiler V2.40

Linker command line:

-W-3 \
  --edf=C:\Program Files\Microchip\xc8\v2.40\pic\dat\20220703182018_en.msgs \
  -cn -h+dist/default/production\Prototipo-Inversor.X.production.sym \
  --cmf=dist/default/production\Prototipo-Inversor.X.production.cmf -z \
  -Q18F4550 -oC:\Users\duskje\AppData\Local\Temp\xcAs430.4 \
  --defsym=__MPLAB_BUILD=1 --fixupoverflow=error \
  -Mdist/default/production/Prototipo-Inversor.X.production.map \
  --md=C:\Users\duskje\AppData\Local\Temp\xcAs430.dat -E1 -ver=XC8 Compiler \
  --acfsm=1493 -ACODE=00h-07FFFh -ACONST=00h-07FFFh \
  -ASMALLCONST=0800h-08FFhx120 -AMEDIUMCONST=0800h-07FFFh -ACOMRAM=01h-05Fh \
  -AABS1=00h-07FFh -ABIGRAM=01h-07FFh -ARAM=060h-0FFh,0100h-01FFhx7 \
  -ABANK0=060h-0FFh -ABANK1=0100h-01FFh -ABANK2=0200h-02FFh \
  -ABANK3=0300h-03FFh -ABANK4=0400h-04FFh -ABANK5=0500h-05FFh \
  -ABANK6=0600h-06FFh -ABANK7=0700h-07FFh -ASFR=0F60h-0FFFh \
  -ABIGSFR=0F60h-0FFFh -ACONFIG=0300000h-030000Dh -AIDLOC=0200000h-0200007h \
  -AEEDATA=0F00000h-0F000FFh -peeprom_data=EEDATA \
  -preset_vec=00h,intcode,intcodelo,powerup,init -pramtop=0800h \
  -psmallconst=SMALLCONST -pmediumconst=MEDIUMCONST -pconst=CONST \
  -AFARRAM=00h-00h \
  -prdata=COMRAM,nvrram=COMRAM,nvbit=COMRAM,rbss=COMRAM,rbit=COMRAM \
  -pfarbss=FARRAM,fardata=FARRAM,nvFARRAM=FARRAM \
  -pintsave_regs=BIGRAM,bigbss=BIGRAM,bigdata=BIGRAM -pbss=RAM \
  -pidata=CODE,irdata=CODE,ibigdata=CODE,ifardata=CODE -prparam=COMRAM \
  C:\Users\duskje\AppData\Local\Temp\xcAs430.o \
  dist/default/production\Prototipo-Inversor.X.production.o 

Object code version is 3.11

Machine type is 18F4550



                Name                               Link     Load   Length Selector   Space Scale
C:\Users\duskje\AppData\Local\Temp\xcAs430.o
                idloc                            200000   200000        8        0       5
                config                           300000   300000        E        0       4
                init                                  0        0        4        0       0
dist/default/production\Prototipo-Inversor.X.production.o
                idloc                            200000   200000        8        0       5
                config                           300000   300000        E        0       4
                smallconst                          800      800        6      400       0
                text23                             1BCE     1BCE      104      403       0
                text22                             169A     169A      1B4      403       0
                text21                             1E68     1E68       92      403       0
                text20                             20CA     20CA       4E      403       0
                text19                             21F4     21F4       16      403       0
                text18                             220A     220A       10      403       0
                text17                             2118     2118       4A      403       0
                text16                             218C     218C       1E      403       0
                text15                             1DB6     1DB6       B2      403       0
                text14                             21C4     21C4       1A      403       0
                text13                              806      806      4C0      403       0
                text12                             10F0     10F0      39A      403       0
                text11                              CC6      CC6      42A      403       0
                text10                             1AC6     1AC6      108      403       0
                text9                              184E     184E      14C      403       0
                text8                              1CD2     1CD2       E4      403       0
                text7                              199A     199A      12C      403       0
                text6                              2074     2074       56      403       0
                text5                              2004     2004       70      403       0
                text4                              1F80     1F80       84      403       0
                text3                              21DE     21DE       16      403       0
                text2                              148A     148A      210      403       0
                text1                              2162     2162       2A      403       0
                text0                              1EFA     1EFA       86      403       0
                cstackCOMRAM                          1        1       5F        1       1
                cstackBANK0                          60       60       25       60       1
                bssBANK0                             85       85        E       60       1
                cinit                              21AA     21AA       1A      403       0

TOTAL           Name                               Link     Load   Length     Space
        CLASS   CODE           
                init                                  0        0        4         0
                text23                             1BCE     1BCE      104         0
                text22                             169A     169A      1B4         0
                text21                             1E68     1E68       92         0
                text20                             20CA     20CA       4E         0
                text19                             21F4     21F4       16         0
                text18                             220A     220A       10         0
                text17                             2118     2118       4A         0
                text16                             218C     218C       1E         0
                text15                             1DB6     1DB6       B2         0
                text14                             21C4     21C4       1A         0
                text13                              806      806      4C0         0
                text12                             10F0     10F0      39A         0
                text11                              CC6      CC6      42A         0
                text10                             1AC6     1AC6      108         0
                text9                              184E     184E      14C         0
                text8                              1CD2     1CD2       E4         0
                text7                              199A     199A      12C         0
                text6                              2074     2074       56         0
                text5                              2004     2004       70         0
                text4                              1F80     1F80       84         0
                text3                              21DE     21DE       16         0
                text2                              148A     148A      210         0
                text1                              2162     2162       2A         0
                text0                              1EFA     1EFA       86         0
                cinit                              21AA     21AA       1A         0

        CLASS   CONST          

        CLASS   SMALLCONST     
                smallconst                          800      800        6         0

        CLASS   MEDIUMCONST    

        CLASS   COMRAM         
                cstackCOMRAM                          1        1       5F         1

        CLASS   ABS1           

        CLASS   BIGRAM         

        CLASS   RAM            

        CLASS   BANK0          
                cstackBANK0                          60       60       25         1
                bssBANK0                             85       85        E         1

        CLASS   BANK1          

        CLASS   BANK2          

        CLASS   BANK3          

        CLASS   BANK4          

        CLASS   BANK5          

        CLASS   BANK6          

        CLASS   BANK7          

        CLASS   SFR            

        CLASS   BIGSFR         

        CLASS   CONFIG         
                config                           300000   300000        E         4

        CLASS   IDLOC          
                idloc                            200000   200000        8         5

        CLASS   EEDATA         

        CLASS   FARRAM         

        CLASS   HEAP           

        CLASS   STACK          



SEGMENTS        Name                           Load    Length   Top    Selector   Space  Class

                reset_vec                      000000  000004  000004         0       0  CODE    
                cstackCOMRAM                   000001  00005F  000060         1       1  COMRAM  
                cstackBANK0                    000060  000033  000093        60       1  BANK0   
                smallconst                     000800  000006  000806       400       0  SMALLCON
                text13                         000806  001A14  00221A       403       0  CODE    


UNUSED ADDRESS RANGES

        Name                Unused          Largest block    Delta
        BANK0            000093-0000FF               6D
        BANK1            000100-0001FF              100
        BANK2            000200-0002FF              100
        BANK3            000300-0003FF              100
        BANK4            000400-0004FF              100
        BANK5            000500-0005FF              100
        BANK6            000600-0006FF              100
        BANK7            000700-0007FF              100
        BIGRAM           000093-0007FF              76D
        BIGSFR           000F60-000FFF               A0
        CODE             000004-0007FF              7FC
                         00221A-007FFF             5DE6
        CONST            000004-0007FF              7FC
                         00221A-007FFF             5DE6
        EEDATA           F00000-F000FF              100
        MEDIUMCONST      00221A-007FFF             5DE6
        RAM              000093-0007FF              100
        SFR              000F60-000FFF               A0
        SMALLCONST       00221A-007FFF              100

                                  Symbol Table

?___fladd                           cstackCOMRAM 000041
?___fldiv                           cstackCOMRAM 00000F
?___flmul                           cstackCOMRAM 000028
?___fltol                           cstackCOMRAM 00005B
?___xxtofl                          cstackCOMRAM 000001
?_truncf                            cstackCOMRAM 000051
_BAUDCON                            (abs)        000FB8
_CCP1CON                            (abs)        000FBD
_CCPR1L                             (abs)        000FBE
_CREN                               (abs)        007D5C
_PR2                                (abs)        000FCB
_RCIF                               (abs)        007CF5
_RCREG                              (abs)        000FAE
_RCSTA                              (abs)        000FAB
_SPBRG                              (abs)        000FAF
_T2CON                              (abs)        000FCA
_T2CONbits                          (abs)        000FCA
_TMR2                               (abs)        000FCC
_TRISCbits                          (abs)        000F94
_TXIF                               (abs)        007CF4
_TXREG                              (abs)        000FAD
_TXSTA                              (abs)        000FAC
__HRAM                              (abs)        000000
__Habs1                             abs1         000000
__Hbank0                            bank0        000000
__Hbank1                            bank1        000000
__Hbank2                            bank2        000000
__Hbank3                            bank3        000000
__Hbank4                            bank4        000000
__Hbank5                            bank5        000000
__Hbank6                            bank6        000000
__Hbank7                            bank7        000000
__Hbigbss                           bigbss       000000
__Hbigdata                          bigdata      000000
__Hbigram                           bigram       000000
__Hbigsfr                           bigsfr       000000
__Hbss                              bss          000000
__HbssBANK0                         bssBANK0     000000
__Hcinit                            cinit        000000
__Hclrtext                          clrtext      000000
__Hcomram                           comram       000000
__Hconfig                           config       30000E
__Hconst                            const        000000
__HcstackBANK0                      cstackBANK0  000000
__HcstackCOMRAM                     cstackCOMRAM 000000
__Hdata                             data         000000
__Heeprom_data                      eeprom_data  000000
__Hfarbss                           farbss       000000
__Hfardata                          fardata      000000
__Hheap                             heap         000000
__Hibigdata                         ibigdata     000000
__Hidata                            idata        000000
__Hidloc                            idloc        200008
__Hifardata                         ifardata     000000
__Hinit                             init         000004
__Hintcode                          intcode      000000
__Hintcode_body                     intcode_body 000000
__Hintcodelo                        intcodelo    000000
__Hintentry                         intentry     000000
__Hintret                           intret       000000
__Hintsave_regs                     intsave_regs 000000
__Hirdata                           irdata       000000
__Hmediumconst                      mediumconst  000000
__HnvFARRAM                         nvFARRAM     000000
__Hnvbit                            nvbit        000000
__Hnvrram                           nvrram       000000
__Hparam                            rparam       000000
__Hpowerup                          powerup      000000
__Hram                              ram          000000
__Hramtop                           ramtop       000800
__Hrbit                             rbit         000000
__Hrbss                             rbss         000000
__Hrdata                            rdata        000000
__Hreset_vec                        reset_vec    000000
__Hrparam                           rparam       000000
__Hsfr                              sfr          000000
__Hsmallconst                       smallconst   000806
__Hspace_0                          (abs)        00221A
__Hspace_1                          (abs)        000093
__Hspace_2                          (abs)        000000
__Hspace_4                          (abs)        60000E
__Hstack                            stack        000000
__Hstruct                           struct       000000
__Htemp                             temp         000000
__Htext                             text         000000
__Htext0                            text0        000000
__Htext1                            text1        000000
__Htext10                           text10       000000
__Htext11                           text11       000000
__Htext12                           text12       000000
__Htext13                           text13       000000
__Htext14                           text14       000000
__Htext15                           text15       000000
__Htext16                           text16       000000
__Htext17                           text17       000000
__Htext18                           text18       000000
__Htext19                           text19       000000
__Htext2                            text2        000000
__Htext20                           text20       000000
__Htext21                           text21       000000
__Htext22                           text22       000000
__Htext23                           text23       000000
__Htext3                            text3        000000
__Htext4                            text4        000000
__Htext5                            text5        000000
__Htext6                            text6        000000
__Htext7                            text7        000000
__Htext8                            text8        000000
__Htext9                            text9        000000
__LRAM                              (abs)        000001
__Labs1                             abs1         000000
__Lbank0                            bank0        000000
__Lbank1                            bank1        000000
__Lbank2                            bank2        000000
__Lbank3                            bank3        000000
__Lbank4                            bank4        000000
__Lbank5                            bank5        000000
__Lbank6                            bank6        000000
__Lbank7                            bank7        000000
__Lbigbss                           bigbss       000000
__Lbigdata                          bigdata      000000
__Lbigram                           bigram       000000
__Lbigsfr                           bigsfr       000000
__Lbss                              bss          000000
__LbssBANK0                         bssBANK0     000000
__Lcinit                            cinit        000000
__Lclrtext                          clrtext      000000
__Lcomram                           comram       000000
__Lconfig                           config       000000
__Lconst                            const        000000
__LcstackBANK0                      cstackBANK0  000000
__LcstackCOMRAM                     cstackCOMRAM 000000
__Ldata                             data         000000
__Leeprom_data                      eeprom_data  000000
__Lfarbss                           farbss       000000
__Lfardata                          fardata      000000
__Lheap                             heap         000000
__Libigdata                         ibigdata     000000
__Lidata                            idata        000000
__Lidloc                            idloc        000000
__Lifardata                         ifardata     000000
__Linit                             init         000000
__Lintcode                          intcode      000000
__Lintcode_body                     intcode_body 000000
__Lintcodelo                        intcodelo    000000
__Lintentry                         intentry     000000
__Lintret                           intret       000000
__Lintsave_regs                     intsave_regs 000000
__Lirdata                           irdata       000000
__Lmediumconst                      mediumconst  000000
__LnvFARRAM                         nvFARRAM     000000
__Lnvbit                            nvbit        000000
__Lnvrram                           nvrram       000000
__Lparam                            rparam       000000
__Lpowerup                          powerup      000000
__Lram                              ram          000000
__Lramtop                           ramtop       000800
__Lrbit                             rbit         000000
__Lrbss                             rbss         000000
__Lrdata                            rdata        000000
__Lreset_vec                        reset_vec    000000
__Lrparam                           rparam       000000
__Lsfr                              sfr          000000
__Lsmallconst                       smallconst   000800
__Lspace_0                          (abs)        000000
__Lspace_1                          (abs)        000000
__Lspace_2                          (abs)        000000
__Lspace_4                          (abs)        000000
__Lstack                            stack        000000
__Lstruct                           struct       000000
__Ltemp                             temp         000000
__Ltext                             text         000000
__Ltext0                            text0        000000
__Ltext1                            text1        000000
__Ltext10                           text10       000000
__Ltext11                           text11       000000
__Ltext12                           text12       000000
__Ltext13                           text13       000000
__Ltext14                           text14       000000
__Ltext15                           text15       000000
__Ltext16                           text16       000000
__Ltext17                           text17       000000
__Ltext18                           text18       000000
__Ltext19                           text19       000000
__Ltext2                            text2        000000
__Ltext20                           text20       000000
__Ltext21                           text21       000000
__Ltext22                           text22       000000
__Ltext23                           text23       000000
__Ltext3                            text3        000000
__Ltext4                            text4        000000
__Ltext5                            text5        000000
__Ltext6                            text6        000000
__Ltext7                            text7        000000
__Ltext8                            text8        000000
__Ltext9                            text9        000000
__S0                                (abs)        00221A
__S1                                (abs)        000093
__S4                                (abs)        000000
__S5                                (abs)        000000
___fladd                            text13       000806
___fladd@a                          cstackCOMRAM 000045
___fladd@aexp                       cstackCOMRAM 00004E
___fladd@b                          cstackCOMRAM 000041
___fladd@bexp                       cstackCOMRAM 00004F
___fladd@grs                        cstackCOMRAM 000050
___fladd@signs                      cstackCOMRAM 00004D
___fldiv                            text12       0010F0
___fldiv@a                          cstackCOMRAM 000013
___fldiv@aexp                       cstackCOMRAM 000027
___fldiv@b                          cstackCOMRAM 00000F
___fldiv@bexp                       cstackCOMRAM 000026
___fldiv@grs                        cstackCOMRAM 000022
___fldiv@new_exp                    cstackCOMRAM 000020
___fldiv@rem                        cstackCOMRAM 00001B
___fldiv@sign                       cstackCOMRAM 00001F
___flge                             text23       001BCE
___flge@ff1                         cstackCOMRAM 00000F
___flge@ff2                         cstackCOMRAM 000013
___flmul                            text11       000CC6
___flmul@a                          cstackCOMRAM 00002C
___flmul@aexp                       cstackCOMRAM 000039
___flmul@b                          cstackCOMRAM 000028
___flmul@bexp                       cstackCOMRAM 00003A
___flmul@grs                        cstackCOMRAM 000035
___flmul@prod                       cstackCOMRAM 00003B
___flmul@sign                       cstackCOMRAM 000034
___flmul@temp                       cstackCOMRAM 00003F
___fltol                            text10       001AC6
___fltol@exp1                       cstackBANK0  00006F
___fltol@f1                         cstackCOMRAM 00005B
___fltol@sign1                      cstackBANK0  00006E
___heap_hi                          (abs)        000000
___heap_lo                          (abs)        000000
___inthi_sp                         stack        000000
___intlo_sp                         stack        000000
___param_bank                       (abs)        000000
___rparam_used                      (abs)        000001
___sp                               stack        000000
___xxtofl                           text22       00169A
___xxtofl@arg                       cstackCOMRAM 00000B
___xxtofl@exp                       cstackCOMRAM 00000A
___xxtofl@sign                      cstackCOMRAM 000009
___xxtofl@val                       cstackCOMRAM 000001
__accesstop                         (abs)        000060
__activetblptr                      (abs)        000001
__end_of_F_OSC                      smallconst   000805
__end_of___fladd                    text13       000CC6
__end_of___fldiv                    text12       00148A
__end_of___flge                     text23       001CD2
__end_of___flmul                    text11       0010F0
__end_of___fltol                    text10       001BCE
__end_of___xxtofl                   text22       00184E
__end_of__initialization            cinit        0021B6
__end_of_connect                    text15       001E68
__end_of_initPWMMode                text14       0021DE
__end_of_main                       text0        001F80
__end_of_recv_message               text20       002118
__end_of_recv_with_data             text4        002004
__end_of_send_message               text18       00221A
__end_of_send_with_data             text16       0021AA
__end_of_setCCP1CON_5_4             text3        0021F4
__end_of_setDutyCycle               text7        001AC6
__end_of_setPWMFreq                 text8        001DB6
__end_of_startUpDuty                text6        0020CA
__end_of_synchronize                text2        00169A
__end_of_truncf                     text9        00199A
__end_of_usart_init                 text1        00218C
__end_of_usart_receive_byte         text21       001EFA
__end_of_usart_receive_n_bytes      text5        002074
__end_of_usart_transmit_byte        text19       00220A
__end_of_usart_transmit_n_bytes     text17       002162
__initialization                    cinit        0021AA
__mediumconst                       mediumconst  000000
__pbssBANK0                         bssBANK0     000085
__pcinit                            cinit        0021AA
__pcstackBANK0                      cstackBANK0  000060
__pcstackCOMRAM                     cstackCOMRAM 000001
__psmallconst                       smallconst   000800
__ptext0                            text0        001EFA
__ptext1                            text1        002162
__ptext10                           text10       001AC6
__ptext11                           text11       000CC6
__ptext12                           text12       0010F0
__ptext13                           text13       000806
__ptext14                           text14       0021C4
__ptext15                           text15       001DB6
__ptext16                           text16       00218C
__ptext17                           text17       002118
__ptext18                           text18       00220A
__ptext19                           text19       0021F4
__ptext2                            text2        00148A
__ptext20                           text20       0020CA
__ptext21                           text21       001E68
__ptext22                           text22       00169A
__ptext23                           text23       001BCE
__ptext3                            text3        0021DE
__ptext4                            text4        001F80
__ptext5                            text5        002004
__ptext6                            text6        002074
__ptext7                            text7        00199A
__ptext8                            text8        001CD2
__ptext9                            text9        00184E
__ramtop                            ramtop       000800
__smallconst                        smallconst   000800
_connect                            text15       001DB6
_initPWMMode                        text14       0021C4
_main                               text0        001EFA
_recv_message                       text20       0020CA
_recv_with_data                     text4        001F80
_send_message                       text18       00220A
_send_with_data                     text16       00218C
_setCCP1CON_5_4                     text3        0021DE
_setDutyCycle                       text7        00199A
_setDutyCycle$935                   cstackBANK0  000072
_setPWMFreq                         text8        001CD2
_setPWMFreq$934                     cstackBANK0  000074
_startUpDuty                        text6        002074
_synchronize                        text2        00148A
_truncf                             text9        00184E
_usart_init                         text1        002162
_usart_receive_byte                 text21       001E68
_usart_receive_n_bytes              text5        002004
_usart_transmit_byte                text19       0021F4
_usart_transmit_n_bytes             text17       002118
connect@data_buf                    cstackCOMRAM 000026
connect@recv_len                    cstackCOMRAM 000029
connect@recv_msg_type               cstackCOMRAM 00002A
end_of_initialization               cinit        0021B6
intlevel0                           text         000000
intlevel1                           text         000000
intlevel2                           text         000000
intlevel3                           text         000000
isa$std                             (abs)        000001
isa$xinst                           (abs)        000000
main@F_PWM                          cstackBANK0  00007F
main@connected                      cstackBANK0  000084
main@debug                          cstackBANK0  000083
recv_message@received_msg_len       cstackCOMRAM 000021
recv_message@received_msg_type      cstackCOMRAM 000023
recv_message@result                 cstackCOMRAM 000025
recv_with_data@data_buf             cstackCOMRAM 000030
recv_with_data@data_buf_len         cstackCOMRAM 000032
recv_with_data@received_msg_len     cstackCOMRAM 00002C
recv_with_data@received_msg_type    cstackCOMRAM 00002E
recv_with_data@result               cstackCOMRAM 000034
send_message@msg_type               cstackCOMRAM 000002
send_with_data@data_buf             cstackCOMRAM 00000B
send_with_data@data_buf_len         cstackCOMRAM 00000D
send_with_data@msg_len              cstackCOMRAM 00000E
send_with_data@msg_type             cstackCOMRAM 00000A
setCCP1CON_5_4@ccpxcon              cstackCOMRAM 000002
setDutyCycle@dutyCycle              cstackBANK0  000078
setDutyCycle@dutyCycleBits          cstackBANK0  000076
setPWMFreq@PWMFreq                  cstackBANK0  000070
stackhi                             (abs)        000000
stacklo                             (abs)        000000
start                               init         000000
startUpDuty@end_duty                cstackCOMRAM 00005F
startUpDuty@i                       cstackBANK0  00007D
startUpDuty@start_duty              cstackBANK0  00007C
start_initialization                cinit        0021AA
synchronize@data_buf                cstackCOMRAM 000035
synchronize@fetch_retries           cstackCOMRAM 000040
synchronize@i                       cstackCOMRAM 000042
synchronize@i_279                   cstackCOMRAM 000044
synchronize@msg                     cstackCOMRAM 00003F
synchronize@recv_len                cstackCOMRAM 000041
synchronize@recv_msg_type           cstackCOMRAM 000047
synchronize@result                  cstackCOMRAM 000046
truncf@F526                         bssBANK0     00008F
truncf@e                            cstackBANK0  000064
truncf@m                            cstackBANK0  000060
truncf@u                            cstackBANK0  000066
truncf@x                            cstackCOMRAM 000051
usart_init@BAUDRATE_CONFIG          cstackCOMRAM 000001
usart_init@USART_CONFIG_RX          cstackCOMRAM 000003
usart_init@USART_CONFIG_TX          cstackCOMRAM 000002
usart_receive_byte@recv_byte        cstackCOMRAM 00001B
usart_receive_byte@timeout          cstackCOMRAM 00001D
usart_receive_n_bytes@i             cstackCOMRAM 000029
usart_receive_n_bytes@n_bytes       cstackCOMRAM 000027
usart_receive_n_bytes@recv_byte     cstackCOMRAM 00002B
usart_receive_n_bytes@result        cstackCOMRAM 000028
usart_receive_n_bytes@usart_buf_len cstackCOMRAM 000023
usart_receive_n_bytes@usart_buffer  cstackCOMRAM 000021
usart_transmit_byte@byte            cstackCOMRAM 000001
usart_transmit_n_bytes@i            cstackCOMRAM 000008
usart_transmit_n_bytes@n_bytes      cstackCOMRAM 000007
usart_transmit_n_bytes@usart_buffer cstackCOMRAM 000002


MODULE INFORMATION

Module		Function		Class		Link	Load	Size
C:\Program Files\Microchip\xc8\v2.40\pic\sources\c99\common\sprcmul.c
		___flmul       		CODE           	0CC6	0000	1066

C:\Program Files\Microchip\xc8\v2.40\pic\sources\c99\common\sprcmul.c estimated size: 1066

C:\Program Files\Microchip\xc8\v2.40\pic\sources\c99\common\sprcdiv.c
		___fldiv       		CODE           	10F0	0000	922

C:\Program Files\Microchip\xc8\v2.40\pic\sources\c99\common\sprcdiv.c estimated size: 922

serial_communication.c
		_usart_receive_n_bytes		CODE           	2004	0000	112
		_setCCP1CON_5_4		CODE           	21DE	0000	22
		_send_message  		CODE           	220A	0000	16
		_recv_message  		CODE           	20CA	0000	78
		_usart_transmit_byte		CODE           	21F4	0000	22
		_usart_receive_byte		CODE           	1E68	0000	146
		_send_with_data		CODE           	218C	0000	30
		_usart_transmit_n_bytes		CODE           	2118	0000	74
		_synchronize   		CODE           	148A	0000	528
		_recv_with_data		CODE           	1F80	0000	132
		_usart_init    		CODE           	2162	0000	42
		_connect       		CODE           	1DB6	0000	178

serial_communication.c estimated size: 1380

C:\Program Files\Microchip\xc8\v2.40\pic\sources\c99\common\fltol.c
		___fltol       		CODE           	1AC6	0000	264

C:\Program Files\Microchip\xc8\v2.40\pic\sources\c99\common\fltol.c estimated size: 264

C:\Program Files\Microchip\xc8\v2.40\pic\sources\c99\common\sprcadd.c
		___fladd       		CODE           	0806	0000	1216

C:\Program Files\Microchip\xc8\v2.40\pic\sources\c99\common\sprcadd.c estimated size: 1216

C:\Program Files\Microchip\xc8\v2.40\pic\sources\c99\common\xxtofl.c
		___xxtofl      		CODE           	169A	0000	436

C:\Program Files\Microchip\xc8\v2.40\pic\sources\c99\common\xxtofl.c estimated size: 436

shared
		__initialization		CODE           	21AA	0000	12
		_F_OSC         		SMALLCONST     	0000	0000	0

shared estimated size: 12

C:\Program Files\Microchip\xc8\v2.40\pic\sources\c99\common\truncf.c
		_truncf        		CODE           	184E	0000	332

C:\Program Files\Microchip\xc8\v2.40\pic\sources\c99\common\truncf.c estimated size: 332

C:\Program Files\Microchip\xc8\v2.40\pic\sources\c99\common\flge.c
		___flge        		CODE           	1BCE	0000	260

C:\Program Files\Microchip\xc8\v2.40\pic\sources\c99\common\flge.c estimated size: 260

main.c
		_startUpDuty   		CODE           	2074	0000	86
		_main          		CODE           	1EFA	0000	134
		_setDutyCycle  		CODE           	199A	0000	300
		_initPWMMode   		CODE           	21C4	0000	26
		_setPWMFreq    		CODE           	1CD2	0000	228

main.c estimated size: 774

